==============================================================
Atención escalada:  Attention(Q,K,V) = softmax(QK^T / sqrt(d_k)) V
==============================================================
d_k = 4   ->   sqrt(d_k) = 2.0000

Q (2x4):
 [[1.  0.  1.  0.5]
 [0.  2.  0.  1. ]]

K (3x4):
 [[1.  1.  0.  0. ]
 [0.  1.  1.  0.5]
 [1.  0.  1.  1. ]]

V (3x2):
 [[1. 0.]
 [0. 1.]
 [2. 2.]]

Puntuaciones escaladas QK^T/sqrt(d_k) (2x3):
 [[0.5   0.625 1.25 ]
 [1.    1.25  0.5  ]]

Pesos de atención softmax(QK^T/sqrt(d_k)) (2x3), 4 decimales:
[[0.2353 0.2666 0.4981]
 [0.346  0.4442 0.2098]]

Salida Attention(Q,K,V) (2x2), 4 decimales:
[[1.2315 1.2628]
 [0.7656 0.8639]]

Suma de cada fila de los pesos (debe ser 1.0): [1. 1.]
Verificación vs scipy.special.softmax (max |diff|): 0.00e+00

Resultados guardados en 'resultados.json'
