============================================================
T1 - Parte 1: LDA con tres temas (k=3)
============================================================
Documentos: 12 | Palabras vacías: 23
Tamaño del vocabulario: 71
Perplejidad (k=3) sobre el corpus: 137.78770156685167
------------------------------------------------------------
Tema 0: órbita (2.3324), planetas (2.3324), partido (2.2923), minutos (1.3325), huevos (1.3325)
Tema 1: equipo (2.3922), partido (2.3738), liga (1.3593), ganó (1.3486), dos (1.3330)
Tema 2: sal (2.3328), nebulosa (2.3326), galaxia (2.3326), estrellas (2.3326), ajo (1.3382)
------------------------------------------------------------
Mezcla documento-tema (theta):
  d01 [   deporte]: [0.0345, 0.9320, 0.0335]
  d02 [   deporte]: [0.9005, 0.0575, 0.0420]
  d03 [   deporte]: [0.8985, 0.0536, 0.0480]
  d04 [   deporte]: [0.0425, 0.9157, 0.0418]
  d05 [    cocina]: [0.9294, 0.0337, 0.0368]
  d06 [    cocina]: [0.9135, 0.0422, 0.0443]
  d07 [    cocina]: [0.0390, 0.0374, 0.9236]
  d08 [    cocina]: [0.0316, 0.0306, 0.9378]
  d09 [astronomía]: [0.0425, 0.0420, 0.9155]
  d10 [astronomía]: [0.9160, 0.0421, 0.0420]
  d11 [astronomía]: [0.0419, 0.0420, 0.9162]
  d12 [astronomía]: [0.9149, 0.0421, 0.0430]
============================================================
Resultados guardados en resultados.json
