entradas/T1.json leído. Claves: ['caracteres_totales_chunks_overlap0', 'caracteres_totales_chunks_overlap80', 'caracteres_totales_docs', 'chunks_overlap0', 'chunks_overlap80', 'chunks_por_documento', 'chunks_por_documento_overlap0', 'comparacion_overlap_80_vs_0', 'cortes_overlap0', 'cortes_overlap80', 'frase_clave_hasta_max_5_dias_overlap0', 'frase_clave_hasta_max_5_dias_overlap80', 'idea_aparece_completa_overlap0', 'idea_aparece_completa_overlap80', 'idea_cortada_overlap0', 'idea_cortada_overlap80', 'inflacion_real_corpus_overlap0', 'inflacion_real_corpus_overlap80', 'inflacion_teorica_overlap0', 'inflacion_teorica_overlap80', 'longitud_documentos_caracteres', 'longitudes_chunks_overlap0', 'longitudes_chunks_overlap80', 'num_chunks', 'num_chunks_overlap0', 'parametros_chunking', 'subtarea', 'verificacion_reconstruccion_overlap0', 'verificacion_reconstruccion_overlap80']

Chunks (6) — fuente: reconstruidos con chunk_fijo(tamano=300, overlap=80) sobre el corpus del enunciado (variante estándar, verificada contra T1)
[0] (politica_vacaciones.md) 300 car. · Política de vacaciones de NimbusSoft. Los empleados a tiempo completo ...
[1] (politica_vacaciones.md) 226 car. · pación a través del portal interno. Los días no utilizados pueden tran...
[2] (politica_remoto.md) 300 car. · Política de trabajo remoto de NimbusSoft. El trabajo remoto está permi...
[3] (politica_remoto.md) 141 car. · ra trabajar desde el exterior del país se requiere aprobación de Recur...
[4] (gastos.md) 300 car. · Política de reembolso de gastos de NimbusSoft. Los gastos de viaje se ...
[5] (gastos.md) 138 car. ·  deben comprarse en clase económica salvo vuelos de más de 8 horas, do...
Verificación con T1: {'t1_leido': True, 'num_chunks_T1': 6, 'num_chunks_coincide': True, 'longitudes_coinciden': True}

Retrieval: léxico (TF-IDF fallback) | índice: (6, 108)

Sin sentence-transformers no hay modelo que truncar: el fallback TF-IDF lee el fragmento entero.

Sanity check de recuperar(pregunta, k=3):

▸ ¿puedo trabajar desde otro país?  [demo de armar_prompt (Parte 3)]
   0.368  [3] (politica_remoto.md) ra trabajar desde el exterior del país se requiere aprobación de Recur...
   0.209  [2] (politica_remoto.md) Política de trabajo remoto de NimbusSoft. El trabajo remoto está permi...
   0.000  [0] (politica_vacaciones.md) Política de vacaciones de NimbusSoft. Los empleados a tiempo completo ...

▸ ¿Cuántos días de vacaciones puedo transferir al año siguiente?  [transferir]
   0.499  [0] (politica_vacaciones.md) Política de vacaciones de NimbusSoft. Los empleados a tiempo completo ...
   0.395  [1] (politica_vacaciones.md) pación a través del portal interno. Los días no utilizados pueden tran...
   0.223  [3] (politica_remoto.md) ra trabajar desde el exterior del país se requiere aprobación de Recur...

▸ ¿puedo trabajar desde el exterior?  [exterior]
   0.399  [3] (politica_remoto.md) ra trabajar desde el exterior del país se requiere aprobación de Recur...
   0.294  [2] (politica_remoto.md) Política de trabajo remoto de NimbusSoft. El trabajo remoto está permi...
   0.083  [1] (politica_vacaciones.md) pación a través del portal interno. Los días no utilizados pueden tran...

▸ ¿puedo llevar a mi mascota a la oficina?  [mascotas (fuera del corpus)]
   0.000  [0] (politica_vacaciones.md) Política de vacaciones de NimbusSoft. Los empleados a tiempo completo ...
   0.000  [1] (politica_vacaciones.md) pación a través del portal interno. Los días no utilizados pueden tran...
   0.000  [2] (politica_remoto.md) Política de trabajo remoto de NimbusSoft. El trabajo remoto está permi...

▸ ¿qué necesita aprobación del gerente?  [ambigua]
   0.332  [5] (gastos.md)  deben comprarse en clase económica salvo vuelos de más de 8 horas, do...
   0.146  [3] (politica_remoto.md) ra trabajar desde el exterior del país se requiere aprobación de Recur...
   0.083  [2] (politica_remoto.md) Política de trabajo remoto de NimbusSoft. El trabajo remoto está permi...

resultados.json guardado en la carpeta actual.

=== Cifras principales — T2 · Parte 2 ===
motor_retrieval: léxico (TF-IDF fallback)
forma_indice_V: [6, 108]
tope_tokens_modelo: None
tokens_fragmento_mas_largo: None
fragmento_cabe_entero: True
