Usando Qdrant embebido (:memory:) — proceso local, sin red.
Colección creada con 6 puntos

Consulta: ¿cuándo me devuelven el dinero?
Filtro: tema='pagos' | limit=2 -> hits:
  -0.102 [pagos] La factura electrónica se emite al confirmar el pago.
  -0.112 [pagos] Los reembolsos se procesan en 5 a 7 días hábiles.

Verificación del filtro de metadata:
  temas SIN filtro (limit=6): ['cuenta', 'soporte', 'cuenta', 'api', 'pagos', 'pagos']
  temas CON filtro tema='pagos': ['pagos', 'pagos']
  ids CON filtro: [1, 3] | ids 'pagos' esperados: [1, 3]
  contra-prueba filtro tema='cuenta': ['cuenta', 'cuenta']
  ¿el filtro restringe los resultados?: True

(Nota: con embeddings sintéticos el score no es semántico —
 el objetivo aquí es la MECÁNICA de colección/upsert/query/filtro.)

=== Cifras principales (T3 · Parte 3: Qdrant embebido + filtros) ===
modo_qdrant_usado: embebido (:memory:)
num_puntos_coleccion: 6
hits_con_filtro_tema_pagos:
  -0.102 [pagos] La factura electrónica se emite al confirmar el pago.
  -0.112 [pagos] Los reembolsos se procesan en 5 a 7 días hábiles.
filtro_restringe_resultados: True
Resultados guardados en resultados.json
