========================================================================
CHUNKS DEL CORPUS — chunk_fijo(texto, tamano=300, overlap=80)
========================================================================
[0] (politica_vacaciones.md) Política de vacaciones de NimbusSoft.
Los empleados a tiempo completo ...
[1] (politica_vacaciones.md) pación a través del portal interno. Los días no utilizados pueden
tran...
[2] (politica_vacaciones.md) meses....
[3] (politica_remoto.md) Política de trabajo remoto de NimbusSoft.
El trabajo remoto está permi...
[4] (politica_remoto.md) ra trabajar desde el exterior del país se requiere aprobación
de Recur...
[5] (gastos.md) Política de reembolso de gastos de NimbusSoft.
Los gastos de viaje se ...
[6] (gastos.md)  deben comprarse en clase económica salvo vuelos de más de
8 horas, do...

------------------------------------------------------------------------
¿Algún chunk corta la idea? (overlap=80)
------------------------------------------------------------------------
Idea buscada en 'politica_vacaciones.md', caracteres 256 a 341:
  "Los días no utilizados pueden transferirse al año siguiente hasta un máximo de 5 días."
  [0] CORTA la idea: termina en "...días no utilizados pueden transferirse a"
  [1] contiene la idea COMPLETA (chars 220-445)
  [2] no toca la idea

========================================================================
CHUNKS DEL CORPUS — chunk_fijo(texto, tamano=300, overlap=0)
========================================================================
[0] (politica_vacaciones.md) Política de vacaciones de NimbusSoft.
Los empleados a tiempo completo ...
[1] (politica_vacaciones.md) l año siguiente hasta un máximo de 5 días. Durante el primer año,
los ...
[2] (politica_remoto.md) Política de trabajo remoto de NimbusSoft.
El trabajo remoto está permi...
[3] (politica_remoto.md) s con 30 días de anticipación y un máximo de 60 días por año....
[4] (gastos.md) Política de reembolso de gastos de NimbusSoft.
Los gastos de viaje se ...
[5] (gastos.md) mite económica premium con aprobación del gerente de área....

------------------------------------------------------------------------
¿Algún chunk corta la idea? (overlap=0)
------------------------------------------------------------------------
Idea buscada en 'politica_vacaciones.md', caracteres 256 a 341:
  "Los días no utilizados pueden transferirse al año siguiente hasta un máximo de 5 días."
  [0] CORTA la idea: termina en "...días no utilizados pueden transferirse a"
  [1] CORTA la idea: empieza en "l año siguiente hasta un máximo de 5 día..."

------------------------------------------------------------------------
Frase literal del enunciado: "hasta un máximo de 5 días" (chars 316-340)
  · overlap=80: COMPLETA en chunk [1]; la corta: ninguno
  · overlap=0 : COMPLETA en chunk [1]; la corta: ninguno
  · con overlap=0 el corte cae dentro de la oración: ...no utilizados pueden transferirse a | l año siguiente hasta un máximo de ...
    la frase sobrevive, pero la oración pierde su sujeto: la IDEA queda mutilada.

========================================================================
CONCLUSIÓN (Ejercicio 1.1)
========================================================================
· overlap=80: la idea SÍ es cortada por el chunk [0], pero aparece COMPLETA en el chunk [1]: el solapamiento de 80 caracteres la salva.
· overlap=0: la idea queda mutilada: la cortan los chunks [0, 1] y no aparece completa en ninguno (sin solapamiento, la idea que cruza la frontera se pierde a medias en cada fragmento).
· Artefacto del paso fijo de 220 caracteres: chunk(s) muy pequeño(s) al final -> [2] (politica_vacaciones.md) 6 chars 'meses.'

========================================================================
CIFRAS PRINCIPALES (guardadas en resultados.json)
========================================================================
num_chunks (overlap=80): 7
chunks_por_documento: {'politica_vacaciones.md': 3, 'politica_remoto.md': 2, 'gastos.md': 2}
idea_cortada_con_overlap_80: True
num_chunks_con_overlap_0: 6
  · longitudes de documentos (caracteres): {'politica_vacaciones.md': 446, 'politica_remoto.md': 361, 'gastos.md': 358}
  · caracteres: corpus=1165, en chunks overlap=80: 1411, en chunks overlap=0: 1165
  · inflación teórica del índice C/(C-V): +36.3636 % (slide 14: +36.4 %)
  · inflación medida en este corpus: overlap=80: +21.1159 % | overlap=0: +0.0000 %
OK: resultados.json escrito en la carpeta actual.
