============================================================
T1 - Parte 1: Atención escalada (Vaswani et al., 2017)
============================================================
d_k = 4  ->  sqrt(d_k) = 2.0000

Q (2x4):
[[1.  0.  1.  0.5]
 [0.  2.  0.  1. ]]

K (3x4):
[[1.  1.  0.  0. ]
 [0.  1.  1.  0.5]
 [1.  0.  1.  1. ]]

V (3x2):
[[1. 0.]
 [0. 1.]
 [2. 2.]]

Puntuaciones escaladas  Q K^T / sqrt(d_k)  (2x3):
[[0.5   0.625 1.25 ]
 [1.    1.25  0.5  ]]

Pesos de atención  softmax(Q K^T / sqrt(d_k))  (2x3), 4 decimales:
[[0.2353 0.2666 0.4981]
 [0.346  0.4442 0.2098]]
Verificación: suma de cada fila de pesos = [1. 1.]

Salida  Attention(Q, K, V)  (2x2), 4 decimales:
[[1.2315 1.2628]
 [0.7656 0.8639]]

Resultados guardados en 'resultados.json' (claves: pesos_atencion_2x3, salida_atencion_2x2, ...)
