=== Chunks con tamano=300, overlap=80 ===
[0] (politica_vacaciones) POLÍTICA DE VACACIONES DE NIMBUSSOFT. Todo empleado tiene derecho a 23...
[1] (politica_vacaciones) e directo. Los días no disfrutados se transfieren al año siguiente, ha...
[2] (politica_vacaciones) n caso de baja médica durante las vacaciones, se interrumpe el cómputo...
[3] (politica_teletrabajo) POLÍTICA DE TELETRABAJO DE NIMBUSSOFT. El personal puede trabajar en r...
[4] (politica_teletrabajo) leado debe ser localizable en su franja habitual. NimbusSoft proporcio...
[5] (politica_teletrabajo)  intranet. El equipo en remoto acude a la oficina en las jornadas de e...
[6] (politica_gastos_viaje) POLÍTICA DE GASTOS DE VIAJE DE NIMBUSSOFT. Los gastos de viaje en serv...
[7] (politica_gastos_viaje) 0,35 euros por kilómetro. La pernoctación tiene un límite de 120 euros...
[8] (politica_gastos_viaje) a. Los vuelos se reservan en la agencia corporativa con al menos siete...

=== Chunks con tamano=300, overlap=0 ===
[0] (politica_vacaciones) POLÍTICA DE VACACIONES DE NIMBUSSOFT. Todo empleado tiene derecho a 23...
[1] (politica_vacaciones) imo de 5 días; el exceso se pierde sin compensación económica. Si un f...
[2] (politica_vacaciones) gadas y no disfrutadas. Las dudas sobre esta política se canalizan en ...
[3] (politica_teletrabajo) POLÍTICA DE TELETRABAJO DE NIMBUSSOFT. El personal puede trabajar en r...
[4] (politica_teletrabajo) átil y una ayuda de 20 euros al mes para la conexión. El puesto en cas...
[5] (politica_gastos_viaje) POLÍTICA DE GASTOS DE VIAJE DE NIMBUSSOFT. Los gastos de viaje en serv...
[6] (politica_gastos_viaje)  en ciudad de nivel uno y de 90 euros en el resto. Las comidas se cubr...
[7] (politica_gastos_viaje) rechaza....

=== Inspección de la idea «hasta un máximo de 5 días» (días transferibles) ===
overlap=80: la idea queda CORTADA en los chunks [0] y aparece COMPLETA en los chunks [1]
   chunk [0] (politica_vacaciones) solo llega a mostrar: 'hasta un máx'
   final del chunk [0]: '...se transfieren al año siguiente, hasta un máx'
   el chunk [1] la contiene íntegra: '...utados se transfieren al año siguiente, hasta un máximo de 5 días; el ...'
overlap=0 : la idea queda CORTADA en los chunks [0, 1] y aparece COMPLETA en los chunks []
   chunk [0] (politica_vacaciones) solo llega a mostrar: 'hasta un máx'
   chunk [1] (politica_vacaciones) solo llega a mostrar: 'imo de 5 días'
Diferencia: con overlap=80 la ventana siguiente retrocede 80 caracteres y recupera la idea
entera aunque el chunk anterior la corte; con overlap=0 la parte anterior al corte se pierde
y la idea no aparece completa en ningún chunk (una búsqueda sobre los chunks la daría por perdida).

=== Cifras guardadas en resultados.json ===
num_chunks: 9
longitud_max_chunk_caracteres: 300
idea_cortada_overlap_80: True
idea_cortada_overlap_0: True
idea_completa_en_algun_chunk_overlap_80: True
idea_completa_en_algun_chunk_overlap_0: False
num_chunks_por_documento: {'politica_vacaciones': 3, 'politica_teletrabajo': 3, 'politica_gastos_viaje': 3}
num_chunks con overlap=0: 8
